// Jest Snapshot v1, https://goo.gl/fbAQLP

exports[`<Error/> Matches snapshot 1`] = `[Function]`;
