// Jest Snapshot v1, https://goo.gl/fbAQLP

exports[`<Contact/> Matches snapshot 1`] = `
Object {
  "asFragment": [Function],
  "baseElement": <body>
    <div>
      <div
        class="sc-fzoNJl gmSNjg"
      >
        <div
          class="sc-fzqNqU cEAaaW"
          data-testid="loadingSpinner"
          id="loadingSpinner"
        >
          <div
            class="css-0"
          >
            <div
              class="css-1hx8gej"
            />
            <div
              class="css-tz1l7o"
            />
            <div
              class="css-x6c2dr"
            />
            <div
              class="css-13v3l44"
            />
            <div
              class="css-xcyvz3"
            />
          </div>
        </div>
      </div>
    </div>
  </body>,
  "container": <div>
    <div
      class="sc-fzoNJl gmSNjg"
    >
      <div
        class="sc-fzqNqU cEAaaW"
        data-testid="loadingSpinner"
        id="loadingSpinner"
      >
        <div
          class="css-0"
        >
          <div
            class="css-1hx8gej"
          />
          <div
            class="css-tz1l7o"
          />
          <div
            class="css-x6c2dr"
          />
          <div
            class="css-13v3l44"
          />
          <div
            class="css-xcyvz3"
          />
        </div>
      </div>
    </div>
  </div>,
  "debug": [Function],
  "findAllByAltText": [Function],
  "findAllByDisplayValue": [Function],
  "findAllByLabelText": [Function],
  "findAllByPlaceholderText": [Function],
  "findAllByRole": [Function],
  "findAllByTestId": [Function],
  "findAllByText": [Function],
  "findAllByTitle": [Function],
  "findByAltText": [Function],
  "findByDisplayValue": [Function],
  "findByLabelText": [Function],
  "findByPlaceholderText": [Function],
  "findByRole": [Function],
  "findByTestId": [Function],
  "findByText": [Function],
  "findByTitle": [Function],
  "getAllByAltText": [Function],
  "getAllByDisplayValue": [Function],
  "getAllByLabelText": [Function],
  "getAllByPlaceholderText": [Function],
  "getAllByRole": [Function],
  "getAllByTestId": [Function],
  "getAllByText": [Function],
  "getAllByTitle": [Function],
  "getByAltText": [Function],
  "getByDisplayValue": [Function],
  "getByLabelText": [Function],
  "getByPlaceholderText": [Function],
  "getByRole": [Function],
  "getByTestId": [Function],
  "getByText": [Function],
  "getByTitle": [Function],
  "queryAllByAltText": [Function],
  "queryAllByDisplayValue": [Function],
  "queryAllByLabelText": [Function],
  "queryAllByPlaceholderText": [Function],
  "queryAllByRole": [Function],
  "queryAllByTestId": [Function],
  "queryAllByText": [Function],
  "queryAllByTitle": [Function],
  "queryByAltText": [Function],
  "queryByDisplayValue": [Function],
  "queryByLabelText": [Function],
  "queryByPlaceholderText": [Function],
  "queryByRole": [Function],
  "queryByTestId": [Function],
  "queryByText": [Function],
  "queryByTitle": [Function],
  "rerender": [Function],
  "unmount": [Function],
}
`;
